23/04/2013 15:34:22 - New match 11348123 has started
23/04/2013 15:36:33 - <WORLD> killed Nick by DROWN
23/04/2013 15:36:33 - <WORLD> killed Nick by DROWN
23/04/2013 15:37:04 - Roman killed Nick using M16
23/04/2013 15:38:04 - Roman killed Nick using M16
23/04/2013 15:39:22 - Match 11348123 has ended